Archive member included to satisfy reference by file (symbol)

c:/program files (x86)/atmel/studio/7.0/toolchain/avr8/avr8-gnu-toolchain/bin/../lib/gcc/avr/5.4.0/../../../../avr/lib/avr5\libm.a(addsf3.o)
                              ADC.o (__subsf3)
c:/program files (x86)/atmel/studio/7.0/toolchain/avr8/avr8-gnu-toolchain/bin/../lib/gcc/avr/5.4.0/../../../../avr/lib/avr5\libm.a(addsf3x.o)
                              c:/program files (x86)/atmel/studio/7.0/toolchain/avr8/avr8-gnu-toolchain/bin/../lib/gcc/avr/5.4.0/../../../../avr/lib/avr5\libm.a(addsf3.o) (__addsf3x)
c:/program files (x86)/atmel/studio/7.0/toolchain/avr8/avr8-gnu-toolchain/bin/../lib/gcc/avr/5.4.0/../../../../avr/lib/avr5\libm.a(divsf3.o)
                              bme280.o (__divsf3)
c:/program files (x86)/atmel/studio/7.0/toolchain/avr8/avr8-gnu-toolchain/bin/../lib/gcc/avr/5.4.0/../../../../avr/lib/avr5\libm.a(divsf3x.o)
                              c:/program files (x86)/atmel/studio/7.0/toolchain/avr8/avr8-gnu-toolchain/bin/../lib/gcc/avr/5.4.0/../../../../avr/lib/avr5\libm.a(divsf3.o) (__divsf3x)
c:/program files (x86)/atmel/studio/7.0/toolchain/avr8/avr8-gnu-toolchain/bin/../lib/gcc/avr/5.4.0/../../../../avr/lib/avr5\libm.a(fixsfsi.o)
                              mpu6050.o (__fixsfsi)
c:/program files (x86)/atmel/studio/7.0/toolchain/avr8/avr8-gnu-toolchain/bin/../lib/gcc/avr/5.4.0/../../../../avr/lib/avr5\libm.a(fixunssfsi.o)
                              ADC.o (__fixunssfsi)
c:/program files (x86)/atmel/studio/7.0/toolchain/avr8/avr8-gnu-toolchain/bin/../lib/gcc/avr/5.4.0/../../../../avr/lib/avr5\libm.a(floatsisf.o)
                              ADC.o (__floatunsisf)
c:/program files (x86)/atmel/studio/7.0/toolchain/avr8/avr8-gnu-toolchain/bin/../lib/gcc/avr/5.4.0/../../../../avr/lib/avr5\libm.a(fp_inf.o)
                              c:/program files (x86)/atmel/studio/7.0/toolchain/avr8/avr8-gnu-toolchain/bin/../lib/gcc/avr/5.4.0/../../../../avr/lib/avr5\libm.a(addsf3x.o) (__fp_inf)
c:/program files (x86)/atmel/studio/7.0/toolchain/avr8/avr8-gnu-toolchain/bin/../lib/gcc/avr/5.4.0/../../../../avr/lib/avr5\libm.a(fp_nan.o)
                              c:/program files (x86)/atmel/studio/7.0/toolchain/avr8/avr8-gnu-toolchain/bin/../lib/gcc/avr/5.4.0/../../../../avr/lib/avr5\libm.a(addsf3x.o) (__fp_nan)
c:/program files (x86)/atmel/studio/7.0/toolchain/avr8/avr8-gnu-toolchain/bin/../lib/gcc/avr/5.4.0/../../../../avr/lib/avr5\libm.a(fp_pscA.o)
                              c:/program files (x86)/atmel/studio/7.0/toolchain/avr8/avr8-gnu-toolchain/bin/../lib/gcc/avr/5.4.0/../../../../avr/lib/avr5\libm.a(addsf3x.o) (__fp_pscA)
c:/program files (x86)/atmel/studio/7.0/toolchain/avr8/avr8-gnu-toolchain/bin/../lib/gcc/avr/5.4.0/../../../../avr/lib/avr5\libm.a(fp_pscB.o)
                              c:/program files (x86)/atmel/studio/7.0/toolchain/avr8/avr8-gnu-toolchain/bin/../lib/gcc/avr/5.4.0/../../../../avr/lib/avr5\libm.a(addsf3x.o) (__fp_pscB)
c:/program files (x86)/atmel/studio/7.0/toolchain/avr8/avr8-gnu-toolchain/bin/../lib/gcc/avr/5.4.0/../../../../avr/lib/avr5\libm.a(fp_round.o)
                              c:/program files (x86)/atmel/studio/7.0/toolchain/avr8/avr8-gnu-toolchain/bin/../lib/gcc/avr/5.4.0/../../../../avr/lib/avr5\libm.a(addsf3.o) (__fp_round)
c:/program files (x86)/atmel/studio/7.0/toolchain/avr8/avr8-gnu-toolchain/bin/../lib/gcc/avr/5.4.0/../../../../avr/lib/avr5\libm.a(fp_split3.o)
                              c:/program files (x86)/atmel/studio/7.0/toolchain/avr8/avr8-gnu-toolchain/bin/../lib/gcc/avr/5.4.0/../../../../avr/lib/avr5\libm.a(addsf3x.o) (__fp_split3)
c:/program files (x86)/atmel/studio/7.0/toolchain/avr8/avr8-gnu-toolchain/bin/../lib/gcc/avr/5.4.0/../../../../avr/lib/avr5\libm.a(fp_zero.o)
                              c:/program files (x86)/atmel/studio/7.0/toolchain/avr8/avr8-gnu-toolchain/bin/../lib/gcc/avr/5.4.0/../../../../avr/lib/avr5\libm.a(addsf3x.o) (__fp_zero)
c:/program files (x86)/atmel/studio/7.0/toolchain/avr8/avr8-gnu-toolchain/bin/../lib/gcc/avr/5.4.0/../../../../avr/lib/avr5\libm.a(mulsf3.o)
                              ADC.o (__mulsf3)
c:/program files (x86)/atmel/studio/7.0/toolchain/avr8/avr8-gnu-toolchain/bin/../lib/gcc/avr/5.4.0/../../../../avr/lib/avr5\libm.a(mulsf3x.o)
                              c:/program files (x86)/atmel/studio/7.0/toolchain/avr8/avr8-gnu-toolchain/bin/../lib/gcc/avr/5.4.0/../../../../avr/lib/avr5\libm.a(mulsf3.o) (__mulsf3x)
c:/program files (x86)/atmel/studio/7.0/toolchain/avr8/avr8-gnu-toolchain/bin/../lib/gcc/avr/5.4.0/../../../../avr/lib/avr5\libprintf_flt.a(vfprintf_flt.o)
                              (vfprintf)
c:/program files (x86)/atmel/studio/7.0/toolchain/avr8/avr8-gnu-toolchain/bin/../lib/gcc/avr/5.4.0/avr5\libgcc.a(_mulsi3.o)
                              bme280.o (__mulsi3)
c:/program files (x86)/atmel/studio/7.0/toolchain/avr8/avr8-gnu-toolchain/bin/../lib/gcc/avr/5.4.0/avr5\libgcc.a(_divmodhi4.o)
[...]
Memory Configuration

Name             Origin             Length             Attributes
text             0x00000000         0x00008000         xr
data             0x00800100         0x00000800         rw !x
eeprom           0x00810000         0x00000400         rw !x
fuse             0x00820000         0x00000003         rw !x
lock             0x00830000         0x00000400         rw !x
signature        0x00840000         0x00000400         rw !x
user_signatures  0x00850000         0x00000400         rw !x
*default*        0x00000000         0xffffffff

Linker script and memory map

Address of section .data set to 0x800100
LOAD C:/Program Files (x86)/Atmel/Studio/7.0/Packs/atmel/ATmega_DFP/1.6.364/gcc/dev/atmega328p/avr5/crtatmega328p.o
LOAD ADC.o
LOAD ArialNumFontPlus.o
LOAD BigFont.o
LOAD bme280.o
LOAD DotMatrix_L_Num.o
LOAD DotMatrix_M_Slash.o
LOAD DotMatrix_XL_Num.o
LOAD encoder.o
LOAD handlers.o
LOAD i2c.o
LOAD main.o
LOAD menu.o
LOAD mpu6050.o
LOAD PWM.o
LOAD spi.o
LOAD st7735.o
LOAD TinyFont.o
LOAD uart.o
START GROUP
LOAD c:/program files (x86)/atmel/studio/7.0/toolchain/avr8/avr8-gnu-toolchain/bin/../lib/gcc/avr/5.4.0/../../../../avr/lib/avr5\libm.a
LOAD c:/program files (x86)/atmel/studio/7.0/toolchain/avr8/avr8-gnu-toolchain/bin/../lib/gcc/avr/5.4.0/../../../../avr/lib/avr5\libprintf_flt.a
END GROUP
START GROUP
LOAD c:/program files (x86)/atmel/studio/7.0/toolchain/avr8/avr8-gnu-toolchain/bin/../lib/gcc/avr/5.4.0/avr5\libgcc.a
LOAD c:/program files (x86)/atmel/studio/7.0/toolchain/avr8/avr8-gnu-toolchain/bin/../lib/gcc/avr/5.4.0/../../../../avr/lib/avr5\libm.a
LOAD c:/program files (x86)/atmel/studio/7.0/toolchain/avr8/avr8-gnu-toolchain/bin/../lib/gcc/avr/5.4.0/../../../../avr/lib/avr5\libc.a
LOAD C:/Program Files (x86)/Atmel/Studio/7.0/Packs/atmel/ATmega_DFP/1.6.364/gcc/dev/atmega328p/avr5\libatmega328p.a
END GROUP
                0x00000000                __TEXT_REGION_ORIGIN__ = DEFINED (__TEXT_REGION_ORIGIN__)?__TEXT_REGION_ORIGIN__:0x0
                [0x00800100]                __DATA_REGION_ORIGIN__ = DEFINED (__DATA_REGION_ORIGIN__)?__DATA_REGION_ORIGIN__:0x800060
                [0x00008000]                __TEXT_REGION_LENGTH__ = DEFINED (__TEXT_REGION_LENGTH__)?__TEXT_REGION_LENGTH__:0x20000
                [0x00000800]                __DATA_REGION_LENGTH__ = DEFINED (__DATA_REGION_LENGTH__)?__DATA_REGION_LENGTH__:0xffa0
                [0x00000400]                __EEPROM_REGION_LENGTH__ = DEFINED (__EEPROM_REGION_LENGTH__)?__EEPROM_REGION_LENGTH__:0x10000
                [0x00000003]                __FUSE_REGION_LENGTH__ = DEFINED (__FUSE_REGION_LENGTH__)?__FUSE_REGION_LENGTH__:0x400
                0x00000400                __LOCK_REGION_LENGTH__ = DEFINED (__LOCK_REGION_LENGTH__)?__LOCK_REGION_LENGTH__:0x400
                0x00000400                __SIGNATURE_REGION_LENGTH__ = DEFINED (__SIGNATURE_REGION_LENGTH__)?__SIGNATURE_REGION_LENGTH__:0x400
                0x00000400                __USER_SIGNATURE_REGION_LENGTH__ = DEFINED (__USER_SIGNATURE_REGION_LENGTH__)?__USER_SIGNATURE_REGION_LENGTH__:0x400

.hash
 *(.hash)

.dynsym
 *(.dynsym)

.dynstr
 *(.dynstr)

.gnu.version
 *(.gnu.version)

.gnu.version_d
 *(.gnu.version_d)

.gnu.version_r
 *(.gnu.version_r)

.rel.init
 *(.rel.init)

.rela.init
 *(.rela.init)

.rel.text
 *(.rel.text)
 *(.rel.text.*)
 *(.rel.gnu.linkonce.t*)

.rela.text
 *(.rela.text)
 *(.rela.text.*)
 *(.rela.gnu.linkonce.t*)

.rel.fini
 *(.rel.fini)

.rela.fini
 *(.rela.fini)

.rel.rodata
 *(.rel.rodata)
 *(.rel.rodata.*)
 *(.rel.gnu.linkonce.r*)

.rela.rodata
 *(.rela.rodata)
 *(.rela.rodata.*)
 *(.rela.gnu.linkonce.r*)

.rel.data
 *(.rel.data)
 *(.rel.data.*)
 *(.rel.gnu.linkonce.d*)

.rela.data
 *(.rela.data)
 *(.rela.data.*)
 *(.rela.gnu.linkonce.d*)

.rel.ctors
 *(.rel.ctors)

.rela.ctors
 *(.rela.ctors)

.rel.dtors
 *(.rel.dtors)

.rela.dtors
 *(.rela.dtors)

.rel.got
 *(.rel.got)

.rela.got
 *(.rela.got)

.rel.bss
 *(.rel.bss)

.rela.bss
 *(.rela.bss)

.rel.plt
 *(.rel.plt)

.rela.plt
 *(.rela.plt)

.text           0x00000000     0x234e
 *(.vectors)
 .vectors       0x00000000       0x68 C:/Program Files (x86)/Atmel/Studio/7.0/Packs/atmel/ATmega_DFP/1.6.364/gcc/dev/atmega328p/avr5/crtatmega328p.o
                0x00000000                __vector_default
                0x00000000                __vectors
 *(.vectors)
 *(.progmem.gcc*)
                0x00000068                . = ALIGN (0x2)
                0x00000068                __trampolines_start = .
 *(.trampolines)
 .trampolines   0x00000068        0x0 linker stubs
 *(.trampolines*)
                0x00000068                __trampolines_end = .
 *libprintf_flt.a:*(.progmem.data)
 .progmem.data  0x00000068        0x8 c:/program files (x86)/atmel/studio/7.0/toolchain/avr8/avr8-gnu-toolchain/bin/../lib/gcc/avr/5.4.0/../../../../avr/lib/avr5\libprintf_flt.a(vfprintf_flt.o)
 *libc.a:*(.progmem.data)
 .progmem.data  0x00000070       0xfa c:/program files (x86)/atmel/studio/7.0/toolchain/avr8/avr8-gnu-toolchain/bin/../lib/gcc/avr/5.4.0/../../../../avr/lib/avr5\libc.a(ftoa_engine.o)
 *(.progmem*)
 .progmem.data.TinyFont
                0x0000016a      0x2fc TinyFont.o
                0x0000016a                TinyFont
                0x00000466                . = ALIGN (0x2)
 *(.jumptables)
 *(.jumptables*)
 *(.lowtext)
 *(.lowtext*)
                0x00000466                __ctors_start = .
 *(.ctors)
                0x00000466                __ctors_end = .
                0x00000466                __dtors_start = .
 *(.dtors)
                0x00000466                __dtors_end = .
 SORT(*)(.ctors)
 SORT(*)(.dtors)
 *(.init0)
 .init0         0x00000466        0x0 C:/Program Files (x86)/Atmel/Studio/7.0/Packs/atmel/ATmega_DFP/1.6.364/gcc/dev/atmega328p/avr5/crtatmega328p.o
                0x00000466                __init
 *(.init0)
 *(.init1)
 *(.init1)
 *(.init2)
 .init2         0x00000466        0xc C:/Program Files (x86)/Atmel/Studio/7.0/Packs/atmel/ATmega_DFP/1.6.364/gcc/dev/atmega328p/avr5/crtatmega328p.o
 *(.init2)
 *(.init3)
 *(.init3)
 *(.init4)
 .init4         0x00000472       0x16 c:/program files (x86)/atmel/studio/7.0/toolchain/avr8/avr8-gnu-toolchain/bin/../lib/gcc/avr/5.4.0/avr5\libgcc.a(_copy_data.o)
                0x00000472                __do_copy_data
 .init4         0x00000488       0x10 c:/program files (x86)/atmel/studio/7.0/toolchain/avr8/avr8-gnu-toolchain/bin/../lib/gcc/avr/5.4.0/avr5\libgcc.a(_clear_bss.o)
                0x00000488                __do_clear_bss
 *(.init4)
 *(.init5)
 *(.init5)
 *(.init6)
 *(.init6)
 *(.init7)
 *(.init7)
 *(.init8)
 *(.init8)
 *(.init9)
 .init9         0x00000498        0x8 C:/Program Files (x86)/Atmel/Studio/7.0/Packs/atmel/ATmega_DFP/1.6.364/gcc/dev/atmega328p/avr5/crtatmega328p.o
 *(.init9)
 *(.text)
 .text          0x000004a0        0x4 C:/Program Files (x86)/Atmel/Studio/7.0/Packs/atmel/ATmega_DFP/1.6.364/gcc/dev/atmega328p/avr5/crtatmega328p.o
                0x000004a0                __vector_22
                0x000004a0                __vector_1
                0x000004a0                __vector_24
                0x000004a0                __vector_12
                0x000004a0                __bad_interrupt
                0x000004a0                __vector_6
                0x000004a0                __vector_3
                0x000004a0                __vector_23
                0x000004a0                __vector_25
                0x000004a0                __vector_11
                0x000004a0                __vector_13
                0x000004a0                __vector_17
                0x000004a0                __vector_19
                0x000004a0                __vector_7
                0x000004a0                __vector_5
                0x000004a0                __vector_4
                0x000004a0                __vector_9
                0x000004a0                __vector_2
                0x000004a0                __vector_15
                0x000004a0                __vector_8
                0x000004a0                __vector_10
                0x000004a0                __vector_16
                0x000004a0                __vector_18
                0x000004a0                __vector_20
                0x000004a4                . = ALIGN (0x2)
 *(.text.*)
 .text.ADC_init
                0x000004a4       0x4a ADC.o
                0x000004a4                ADC_init
 .text.__vector_21
                0x000004ee       0x4e ADC.o
                0x000004ee                __vector_21
 .text.bme280_send_data
                0x0000053c       0x4e bme280.o
                0x0000053c                bme280_send_data
 .text.bme280_readbyte
                0x0000058a       0x38 bme280.o
                0x0000058a                bme280_readbyte
 .text.bme280_readdata
                0x000005c2       0xae bme280.o
                0x000005c2                bme280_readdata
 .text.get_compens
                0x00000670       0xcc bme280.o
                0x00000670                get_compens
 .text.bme280_init
                0x0000073c       0xa0 bme280.o
                0x0000073c                bme280_init
 .text.enc_ports_init
                0x000007dc        0xe encoder.o
                0x000007dc                enc_ports_init
 .text.timer0_init
                0x000007ea       0x28 encoder.o
                0x000007ea                timer0_init
 .text.__vector_14
                0x00000812      0x1b6 encoder.o
                0x00000812                __vector_14
 .text.readButtonState
                0x000009c8       0x4a encoder.o
                0x000009c8                readButtonState
 .text.resetButton
                0x00000a12       0x4c encoder.o
                0x00000a12                resetButton
 .text.hardware_init
                0x00000a5e       0x52 handlers.o
                0x00000a5e                hardware_init
 .text.enc_process
                0x00000ab0       0xbc handlers.o
                0x00000ab0                enc_process
 .text.i2c_init
                0x00000b6c        0x8 i2c.o
                0x00000b6c                i2c_init
 .text.start_cond
                0x00000b74       0x28 i2c.o
                0x00000b74                start_cond
 .text.i2c_sendbyte
                0x00000b9c       0x38 i2c.o
                0x00000b9c                i2c_sendbyte
 .text.stop_cond
                0x00000bd4        0xc i2c.o
                0x00000bd4                stop_cond
 .text.i2c_readbyte
                0x00000be0       0x2a i2c.o
                0x00000be0                i2c_readbyte
 .text.startup.main
                0x00000c0a       0x1a main.o
                0x00000c0a                main
 .text.menu_init
                0x00000c24      0x310 menu.o
                0x00000c24                menu_init
 .text.draw_pointer
                0x00000f34       0x46 menu.o
                0x00000f34                draw_pointer
 .text.clear_pointer
                0x00000f7a       0x42 menu.o
                0x00000f7a                clear_pointer
 .text.display_pointer
                0x00000fbc       0x4c menu.o
                0x00000fbc                display_pointer
 .text.display_current_menu
                0x00001008       0xb2 menu.o
                0x00001008                display_current_menu
 .text.clear_current_menu
                0x000010ba       0xa6 menu.o
                0x000010ba                clear_current_menu
 .text.enter_upmenu
                0x00001160       0x38 menu.o
                0x00001160                enter_upmenu
 .text.enter_submenu
                0x00001198       0x30 menu.o
                0x00001198                enter_submenu
 .text.execute_menu_action
                0x000011c8       0x16 menu.o
                0x000011c8                execute_menu_action
 .text.mpu6050_sendbyte
                0x000011de       0x30 mpu6050.o
                0x000011de                mpu6050_sendbyte
 .text.mpu6050_init
                0x0000120e       0x1e mpu6050.o
                0x0000120e                mpu6050_init
 .text.tim1A_init
                0x0000122c       0x32 PWM.o
                0x0000122c                tim1A_init
 .text.pwm1A_start
                0x0000125e       0x48 PWM.o
                0x0000125e                pwm1A_start
 .text.spi_master_init
                0x000012a6       0x1a spi.o
                0x000012a6                spi_master_init
 .text.spi_sendbyte
                0x000012c0        0xa spi.o
                0x000012c0                spi_sendbyte
 .text.st7735_ports_init
                0x000012ca        0xa st7735.o
                0x000012ca                st7735_ports_init
 .text.st7735_multiply_send
                0x000012d4       0x5e st7735.o
                0x000012d4                st7735_multiply_send
 .text.st7735_init
                0x00001332      0x140 st7735.o
                0x00001332                st7735_init
 .text.setXY    0x00001472       0x98 st7735.o
                0x00001472                setXY
 .text.draw_rect
                0x0000150a       0x86 st7735.o
                0x0000150a                draw_rect
 .text.background
                0x00001590       0x20 st7735.o
                0x00001590                background
 .text.draw_char
                0x000015b0      0x21a st7735.o
                0x000015b0                draw_char
 .text.draw_string
                0x000017ca       0x8e st7735.o
                0x000017ca                draw_string
 .text.uart_init
                0x00001858       0x18 uart.o
                0x00001858                uart_init
 .text.avr-libc
                0x00001870      0x6fa c:/program files (x86)/atmel/studio/7.0/toolchain/avr8/avr8-gnu-toolchain/bin/../lib/gcc/avr/5.4.0/../../../../avr/lib/avr5\libprintf_flt.a(vfprintf_flt.o)
                0x00001870                vfprintf
 .text.libgcc.div
                0x00001f6a       0x44 c:/program files (x86)/atmel/studio/7.0/toolchain/avr8/avr8-gnu-toolchain/bin/../lib/gcc/avr/5.4.0/avr5\libgcc.a(_udivmodsi4.o)
                0x00001f6a                __udivmodsi4
 .text.libgcc.mul
                0x00001fae       0x1e c:/program files (x86)/atmel/studio/7.0/toolchain/avr8/avr8-gnu-toolchain/bin/../lib/gcc/avr/5.4.0/avr5\libgcc.a(_umulhisi3.o)
                0x00001fae                __umulhisi3
 .text.libgcc.prologue
                0x00001fcc       0x38 c:/program files (x86)/atmel/studio/7.0/toolchain/avr8/avr8-gnu-toolchain/bin/../lib/gcc/avr/5.4.0/avr5\libgcc.a(_prologue.o)
                0x00001fcc                __prologue_saves__
 .text.libgcc.prologue
                0x00002004       0x36 c:/program files (x86)/atmel/studio/7.0/toolchain/avr8/avr8-gnu-toolchain/bin/../lib/gcc/avr/5.4.0/avr5\libgcc.a(_epilogue.o)
                0x00002004                __epilogue_restores__
 .text.avr-libc
                0x0000203a      0x1b0 c:/program files (x86)/atmel/studio/7.0/toolchain/avr8/avr8-gnu-toolchain/bin/../lib/gcc/avr/5.4.0/../../../../avr/lib/avr5\libc.a(ftoa_engine.o)
                0x0000203a                __ftoa_engine
 .text.avr-libc
                0x000021ea       0x16 c:/program files (x86)/atmel/studio/7.0/toolchain/avr8/avr8-gnu-toolchain/bin/../lib/gcc/avr/5.4.0/../../../../avr/lib/avr5\libc.a(strnlen_P.o)
                0x000021ea                strnlen_P
 .text.avr-libc
                0x00002200       0x16 c:/program files (x86)/atmel/studio/7.0/toolchain/avr8/avr8-gnu-toolchain/bin/../lib/gcc/avr/5.4.0/../../../../avr/lib/avr5\libc.a(strnlen.o)
                0x00002200                strnlen
 .text.avr-libc
                0x00002216       0x78 c:/program files (x86)/atmel/studio/7.0/toolchain/avr8/avr8-gnu-toolchain/bin/../lib/gcc/avr/5.4.0/../../../../avr/lib/avr5\libc.a(fputc.o)
                0x00002216                fputc
 .text.avr-libc
                0x0000228e       0xbc c:/program files (x86)/atmel/studio/7.0/toolchain/avr8/avr8-gnu-toolchain/bin/../lib/gcc/avr/5.4.0/../../../../avr/lib/avr5\libc.a(ultoa_invert.o)
                0x0000228e                __ultoa_invert
                0x0000234a                . = ALIGN (0x2)
 *(.fini9)
 .fini9         0x0000234a        0x0 c:/program files (x86)/atmel/studio/7.0/toolchain/avr8/avr8-gnu-toolchain/bin/../lib/gcc/avr/5.4.0/avr5\libgcc.a(_exit.o)
                0x0000234a                _exit
                0x0000234a                exit
 *(.fini9)
 *(.fini8)
 *(.fini8)
 *(.fini7)
 *(.fini7)
 *(.fini6)
 *(.fini6)
 *(.fini5)
 *(.fini5)
 *(.fini4)
 *(.fini4)
 *(.fini3)
 *(.fini3)
 *(.fini2)
 *(.fini2)
 *(.fini1)
 *(.fini1)
 *(.fini0)
 .fini0         0x0000234a        0x4 c:/program files (x86)/atmel/studio/7.0/toolchain/avr8/avr8-gnu-toolchain/bin/../lib/gcc/avr/5.4.0/avr5\libgcc.a(_exit.o)
 *(.fini0)
                0x0000234e                _etext = .

.data           0x00800100      0x14a load address 0x0000234e
                0x00800100                PROVIDE (__data_start, .)
 *(.data)
 *(.data*)
 .data.oldState
                0x00800100        0x1 encoder.o
                0x00800100                oldState
 .data.newState
                0x00800101        0x1 encoder.o
                0x00800101                newState
 .data.pointer  0x00800102        0x2 menu.o
                0x00800102                pointer
 .data.item_3_menu
                0x00800104        0xa menu.o
                0x00800104                item_3_menu
 .data.item_2_menu
                0x0080010e        0x4 menu.o
                0x0080010e                item_2_menu
 .data.item_1_menu
                0x00800112        0x6 menu.o
                0x00800112                item_1_menu
 .data.main_menu
                0x00800118        0x8 menu.o
                0x00800118                main_menu
 .data.pwm_value
                0x00800120        0x1 menu.o
                0x00800120                pwm_value
 *(.gnu.linkonce.d*)
 *(.rodata)
 .rodata        0x00800121       0x44 menu.o
 *(.rodata*)
 .rodata.str1.1
                0x00800165       0xbe menu.o
 .rodata.gmctrn1_data
                0x00800223       0x10 st7735.o
                0x00800223                gmctrn1_data
 .rodata.gmctrp1_data
                0x00800233       0x10 st7735.o
                0x00800233                gmctrp1_data
 .rodata.pwctr1_data
                0x00800243        0x3 st7735.o
                0x00800243                pwctr1_data
 .rodata.frame_ctrl_data
                0x00800246        0x3 st7735.o
                0x00800246                frame_ctrl_data
 *(.gnu.linkonce.r*)
                0x0080024a                . = ALIGN (0x2)
 *fill*         0x00800249        0x1 
                0x0080024a                _edata = .
                0x0080024a                PROVIDE (__data_end, .)

.bss            0x0080024a      0x3aa
                0x0080024a                PROVIDE (__bss_start, .)
 *(.bss)
 *(.bss*)
 .bss.adc_dt    0x0080024a        0x1 ADC.o
                0x0080024a                adc_dt
 .bss.ADC_data  0x0080024b      0x200 ADC.o
                0x0080024b                ADC_data
 .bss.comp_data.2692
                0x0080044b       0x20 bme280.o
 .bss.comp_bme280
                0x0080046b       0x25 bme280.o
                0x0080046b                comp_bme280
 .bss.count_but.1669
                0x00800490        0x1 encoder.o
 .bss.count_enc_but.1668
                0x00800491        0x1 encoder.o
 .bss.update_bme280_flag
                0x00800492        0x1 encoder.o
                0x00800492                update_bme280_flag
 .bss.adc_conv  0x00800493        0x1 encoder.o
                0x00800493                adc_conv
 .bss.adc_conv_flag
                0x00800494        0x1 encoder.o
                0x00800494                adc_conv_flag
 .bss.encoder_state
                0x00800495        0x1 encoder.o
                0x00800495                encoder_state
 .bss.downState
                0x00800496        0x1 encoder.o
                0x00800496                downState
 .bss.upState   0x00800497        0x1 encoder.o
                0x00800497                upState
 .bss.longpress_but
                0x00800498        0x1 encoder.o
                0x00800498                longpress_but
 .bss.longpress_enc_but
                0x00800499        0x1 encoder.o
                0x00800499                longpress_enc_but
 .bss.shortpress_but
                0x0080049a        0x1 encoder.o
                0x0080049a                shortpress_but
 .bss.shortpress_enc_but
                0x0080049b        0x1 encoder.o
                0x0080049b                shortpress_enc_but
 .bss.prev_menu.2768
                0x0080049c        0x2 menu.o
 .bss.current_menu
                0x0080049e        0x2 menu.o
                0x0080049e                current_menu
 .bss.pointer_clear_flag
                0x008004a0        0x1 menu.o
                0x008004a0                pointer_clear_flag
 .bss.enc       0x008004a1        0x1 menu.o
                0x008004a1                enc
 *(COMMON)
 COMMON         0x008004a2      0x152 menu.o
                0x008004a2                main_menu_item_1
                0x008004b3                main_menu_item_4
                0x008004c4                menu_item_2_1
                0x008004d5                string
                0x00800539                menu_item_2_2
                0x0080054a                menu_item_3_1
                0x0080055b                menu_item_1_1
                0x0080056c                main_menu_item_2
                0x0080057d                menu_item_1_2
                0x0080058e                menu_item_3_4
                0x0080059f                menu_item_1_3
                0x008005b0                menu_item_3_5
                0x008005c1                main_menu_item_3
                0x008005d2                menu_item_3_2
                0x008005e3                menu_item_3_3
                0x008005f4                PROVIDE (__bss_end, .)
                0x0000234e                __data_load_start = LOADADDR (.data)
                0x00002498                __data_load_end = (__data_load_start + SIZEOF (.data))

.noinit         0x008005f4        0x0
                [!provide]                PROVIDE (__noinit_start, .)
 *(.noinit*)
                [!provide]                PROVIDE (__noinit_end, .)
                0x008005f4                _end = .
                0x008005f4                PROVIDE (__heap_start, .)

.eeprom         0x00810000        0x0
 *(.eeprom*)
                0x00810000                __eeprom_end = .

.fuse
 *(.fuse)
 *(.lfuse)
 *(.hfuse)
 *(.efuse)

.lock
 *(.lock*)

.signature
 *(.signature*)

.user_signatures
 *(.user_signatures*)

.stab
 *(.stab)

.stabstr
 *(.stabstr)

.stab.excl
 *(.stab.excl)

.stab.exclstr
 *(.stab.exclstr)

.stab.index
 *(.stab.index)

.stab.indexstr
 *(.stab.indexstr)

.comment        0x00000000       0x5c
 *(.comment)
 .comment       0x00000000       0x30 ADC.o
                                 0x31 (size before relaxing)
 .comment       0x00000030       0x31 bme280.o
 .comment       0x00000030       0x31 encoder.o
 .comment       0x00000030       0x31 handlers.o
 .comment       0x00000030       0x31 i2c.o
 .comment       0x00000030       0x31 main.o
 .comment       0x00000030       0x31 menu.o
 .comment       0x00000030       0x31 mpu6050.o
 .comment       0x00000030       0x31 PWM.o
 .comment       0x00000030       0x31 spi.o
 .comment       0x00000030       0x31 st7735.o
 .comment       0x00000030       0x31 TinyFont.o
 .comment       0x00000030       0x31 uart.o
 .comment       0x00000030       0x2c c:/program files (x86)/atmel/studio/7.0/toolchain/avr8/avr8-gnu-toolchain/bin/../lib/gcc/avr/5.4.0/../../../../avr/lib/avr5\libprintf_flt.a(vfprintf_flt.o)
                                 0x2d (size before relaxing)
 .comment       0x0000005c       0x31 c:/program files (x86)/atmel/studio/7.0/toolchain/avr8/avr8-gnu-toolchain/bin/../lib/gcc/avr/5.4.0/../../../../avr/lib/avr5\libc.a(fputc.o)

.note.gnu.avr.deviceinfo
                0x00000000       0x40
 .note.gnu.avr.deviceinfo
                0x00000000       0x40 C:/Program Files (x86)/Atmel/Studio/7.0/Packs/atmel/ATmega_DFP/1.6.364/gcc/dev/atmega328p/avr5/crtatmega328p.o

.note.gnu.build-id
 *(.note.gnu.build-id)

.debug
 *(.debug)

.line
 *(.line)

.debug_srcinfo
 *(.debug_srcinfo)

.debug_sfnames
 *(.debug_sfnames)

.debug_aranges  0x00000000      0x450
 *(.debug_aranges)
 .debug_aranges
                0x00000000       0x50 ADC.o
 .debug_aranges
                0x00000050       0xc0 bme280.o
 .debug_aranges
                0x00000110       0x40 encoder.o
 .debug_aranges
                0x00000150       0x30 handlers.o
 .debug_aranges
                0x00000180       0x48 i2c.o
 .debug_aranges
                0x000001c8       0x20 main.o
 .debug_aranges
                0x000001e8       0x70 menu.o
 .debug_aranges
                0x00000258       0x78 mpu6050.o
 .debug_aranges
                0x000002d0       0x38 PWM.o
 .debug_aranges
                0x00000308       0x30 spi.o
 .debug_aranges
                0x00000338       0xb8 st7735.o
 .debug_aranges
                0x000003f0       0x18 TinyFont.o
 .debug_aranges
                0x00000408       0x48 uart.o

.debug_pubnames
 *(.debug_pubnames)

.debug_info     0x00000000     0x6265
 *(.debug_info .gnu.linkonce.wi.*)
 .debug_info    0x00000000      0x5f4 C:/Program Files (x86)/Atmel/Studio/7.0/Packs/atmel/ATmega_DFP/1.6.364/gcc/dev/atmega328p/avr5/crtatmega328p.o
 .debug_info    0x000005f4      0x2ff ADC.o
 .debug_info    0x000008f3     0x14b0 bme280.o
 .debug_info    0x00001da3      0x263 encoder.o
 .debug_info    0x00002006      0xb6b handlers.o
 .debug_info    0x00002b71      0x2d9 i2c.o
 .debug_info    0x00002e4a      0x1cf main.o
 .debug_info    0x00003019      0x7e9 menu.o
 .debug_info    0x00003802      0x88d mpu6050.o
 .debug_info    0x0000408f      0x135 PWM.o
 .debug_info    0x000041c4       0xec spi.o
 .debug_info    0x000042b0     0x1cd9 st7735.o
 .debug_info    0x00005f89       0x95 TinyFont.o
 .debug_info    0x0000601e      0x247 uart.o

.debug_abbrev   0x00000000     0x1a72
 *(.debug_abbrev)
 .debug_abbrev  0x00000000      0x5a2 C:/Program Files (x86)/Atmel/Studio/7.0/Packs/atmel/ATmega_DFP/1.6.364/gcc/dev/atmega328p/avr5/crtatmega328p.o
 .debug_abbrev  0x000005a2      0x186 ADC.o
 .debug_abbrev  0x00000728      0x3e1 bme280.o
 .debug_abbrev  0x00000b09      0x108 encoder.o
 .debug_abbrev  0x00000c11      0x199 handlers.o
 .debug_abbrev  0x00000daa      0x1af i2c.o
 .debug_abbrev  0x00000f59       0xd4 main.o
 .debug_abbrev  0x0000102d      0x1d7 menu.o
 .debug_abbrev  0x00001204      0x2a0 mpu6050.o
 .debug_abbrev  0x000014a4       0xb4 PWM.o
 .debug_abbrev  0x00001558       0xbe spi.o
 .debug_abbrev  0x00001616      0x2b9 st7735.o
 .debug_abbrev  0x000018cf       0x5d TinyFont.o
 .debug_abbrev  0x0000192c      0x146 uart.o

.debug_line     0x00000000     0x2674
 *(.debug_line .debug_line.* .debug_line_end)
 .debug_line    0x00000000      0x134 C:/Program Files (x86)/Atmel/Studio/7.0/Packs/atmel/ATmega_DFP/1.6.364/gcc/dev/atmega328p/avr5/crtatmega328p.o
 .debug_line    0x00000134      0x26e ADC.o
 .debug_line    0x000003a2      0x72d bme280.o
 .debug_line    0x00000acf      0x335 encoder.o
 .debug_line    0x00000e04      0x2c7 handlers.o
 .debug_line    0x000010cb      0x20e i2c.o
 .debug_line    0x000012d9       0xcf main.o
 .debug_line    0x000013a8      0x2f0 menu.o
 .debug_line    0x00001698      0x381 mpu6050.o
 .debug_line    0x00001a19      0x11c PWM.o
 .debug_line    0x00001b35      0x108 spi.o
 .debug_line    0x00001c3d      0x80a st7735.o
 .debug_line    0x00002447       0x8f TinyFont.o
 .debug_line    0x000024d6      0x19e uart.o

.debug_frame    0x00000000     0x115c
 *(.debug_frame)
 .debug_frame   0x00000000      0x150 ADC.o
 .debug_frame   0x00000150      0x424 bme280.o
 .debug_frame   0x00000574       0x78 encoder.o
 .debug_frame   0x000005ec       0x8c handlers.o
 .debug_frame   0x00000678       0x94 i2c.o
 .debug_frame   0x0000070c       0x24 main.o
 .debug_frame   0x00000730      0x1c0 menu.o
 .debug_frame   0x000008f0      0x15c mpu6050.o
 .debug_frame   0x00000a4c       0xa0 PWM.o
 .debug_frame   0x00000aec       0x44 spi.o
 .debug_frame   0x00000b30      0x598 st7735.o
 .debug_frame   0x000010c8       0x94 uart.o

.debug_str      0x00000000     0x115c
 *(.debug_str)
 .debug_str     0x00000000      0x208 C:/Program Files (x86)/Atmel/Studio/7.0/Packs/atmel/ATmega_DFP/1.6.364/gcc/dev/atmega328p/avr5/crtatmega328p.o
 .debug_str     0x00000208      0x1f7 ADC.o
                                0x245 (size before relaxing)
 .debug_str     0x000003ff      0x3a2 bme280.o
                                0x5a1 (size before relaxing)
 .debug_str     0x000007a1      0x169 encoder.o
                                0x2ee (size before relaxing)
 .debug_str     0x0000090a      0x327 handlers.o
                                0x5fc (size before relaxing)
 .debug_str     0x00000c31       0x4b i2c.o
                                0x21c (size before relaxing)
 .debug_str     0x00000c7c       0x2c main.o
                                0x238 (size before relaxing)
 .debug_str     0x00000ca8      0x198 menu.o
                                0x452 (size before relaxing)
 .debug_str     0x00000e40       0xa2 mpu6050.o
                                0x36e (size before relaxing)
 .debug_str     0x00000ee2       0x39 PWM.o
                                0x1c6 (size before relaxing)
 .debug_str     0x00000f1b       0x25 spi.o
                                0x1a7 (size before relaxing)
 .debug_str     0x00000f40      0x1e9 st7735.o
                                0x46c (size before relaxing)
 .debug_str     0x00001129       0x10 TinyFont.o
                                0x18f (size before relaxing)
 .debug_str     0x00001139       0x23 uart.o
                                0x1f6 (size before relaxing)

.debug_loc      0x00000000     0x5665
 *(.debug_loc)
 .debug_loc     0x00000000      0x534 ADC.o
 .debug_loc     0x00000534     0x1465 bme280.o
 .debug_loc     0x00001999       0x49 encoder.o
 .debug_loc     0x000019e2      0x152 handlers.o
 .debug_loc     0x00001b34      0x212 i2c.o
 .debug_loc     0x00001d46      0x57e menu.o
 .debug_loc     0x000022c4      0x891 mpu6050.o
 .debug_loc     0x00002b55      0x1bb PWM.o
 .debug_loc     0x00002d10     0x2837 st7735.o
 .debug_loc     0x00005547      0x11e uart.o

.debug_macinfo
 *(.debug_macinfo)

.debug_weaknames
 *(.debug_weaknames)

.debug_funcnames
 *(.debug_funcnames)

.debug_typenames
 *(.debug_typenames)

.debug_varnames
 *(.debug_varnames)

.debug_pubtypes
 *(.debug_pubtypes)

.debug_ranges   0x00000000      0x408
 *(.debug_ranges)
 .debug_ranges  0x00000000       0x40 ADC.o
 .debug_ranges  0x00000040       0xb0 bme280.o
 .debug_ranges  0x000000f0       0x30 encoder.o
 .debug_ranges  0x00000120       0x20 handlers.o
 .debug_ranges  0x00000140       0x80 i2c.o
 .debug_ranges  0x000001c0       0x10 main.o
 .debug_ranges  0x000001d0       0x60 menu.o
 .debug_ranges  0x00000230       0x68 mpu6050.o
 .debug_ranges  0x00000298       0x28 PWM.o
 .debug_ranges  0x000002c0       0x20 spi.o
 .debug_ranges  0x000002e0       0xf0 st7735.o
 .debug_ranges  0x000003d0       0x38 uart.o

.debug_macro
 *(.debug_macro)
OUTPUT(avr_test.elf elf32-avr)
LOAD linker stubs
