Archive member included to satisfy reference by file (symbol)

c:/program files (x86)/atmel/studio/7.0/toolchain/avr8/avr8-gnu-toolchain/bin/../lib/gcc/avr/5.4.0/../../../../avr/lib/avr5\libm.a(addsf3.o)
                              ADC.o (__subsf3)
c:/program files (x86)/atmel/studio/7.0/toolchain/avr8/avr8-gnu-toolchain/bin/../lib/gcc/avr/5.4.0/../../../../avr/lib/avr5\libm.a(addsf3x.o)
                              c:/program files (x86)/atmel/studio/7.0/toolchain/avr8/avr8-gnu-toolchain/bin/../lib/gcc/avr/5.4.0/../../../../avr/lib/avr5\libm.a(addsf3.o) (__addsf3x)
c:/program files (x86)/atmel/studio/7.0/toolchain/avr8/avr8-gnu-toolchain/bin/../lib/gcc/avr/5.4.0/../../../../avr/lib/avr5\libm.a(divsf3.o)
                              bme280.o (__divsf3)
c:/program files (x86)/atmel/studio/7.0/toolchain/avr8/avr8-gnu-toolchain/bin/../lib/gcc/avr/5.4.0/../../../../avr/lib/avr5\libm.a(divsf3x.o)
                              c:/program files (x86)/atmel/studio/7.0/toolchain/avr8/avr8-gnu-toolchain/bin/../lib/gcc/avr/5.4.0/../../../../avr/lib/avr5\libm.a(divsf3.o) (__divsf3x)
c:/program files (x86)/atmel/studio/7.0/toolchain/avr8/avr8-gnu-toolchain/bin/../lib/gcc/avr/5.4.0/../../../../avr/lib/avr5\libm.a(fixsfsi.o)
                              mpu6050.o (__fixsfsi)
c:/program files (x86)/atmel/studio/7.0/toolchain/avr8/avr8-gnu-toolchain/bin/../lib/gcc/avr/5.4.0/../../../../avr/lib/avr5\libm.a(fixunssfsi.o)
                              ADC.o (__fixunssfsi)
c:/program files (x86)/atmel/studio/7.0/toolchain/avr8/avr8-gnu-toolchain/bin/../lib/gcc/avr/5.4.0/../../../../avr/lib/avr5\libm.a(floatsisf.o)
                              ADC.o (__floatunsisf)
c:/program files (x86)/atmel/studio/7.0/toolchain/avr8/avr8-gnu-toolchain/bin/../lib/gcc/avr/5.4.0/../../../../avr/lib/avr5\libm.a(fp_inf.o)
                              c:/program files (x86)/atmel/studio/7.0/toolchain/avr8/avr8-gnu-toolchain/bin/../lib/gcc/avr/5.4.0/../../../../avr/lib/avr5\libm.a(addsf3x.o) (__fp_inf)
c:/program files (x86)/atmel/studio/7.0/toolchain/avr8/avr8-gnu-toolchain/bin/../lib/gcc/avr/5.4.0/../../../../avr/lib/avr5\libm.a(fp_nan.o)
                              c:/program files (x86)/atmel/studio/7.0/toolchain/avr8/avr8-gnu-toolchain/bin/../lib/gcc/avr/5.4.0/../../../../avr/lib/avr5\libm.a(addsf3x.o) (__fp_nan)
c:/program files (x86)/atmel/studio/7.0/toolchain/avr8/avr8-gnu-toolchain/bin/../lib/gcc/avr/5.4.0/../../../../avr/lib/avr5\libm.a(fp_pscA.o)
                              c:/program files (x86)/atmel/studio/7.0/toolchain/avr8/avr8-gnu-toolchain/bin/../lib/gcc/avr/5.4.0/../../../../avr/lib/avr5\libm.a(addsf3x.o) (__fp_pscA)
c:/program files (x86)/atmel/studio/7.0/toolchain/avr8/avr8-gnu-toolchain/bin/../lib/gcc/avr/5.4.0/../../../../avr/lib/avr5\libm.a(fp_pscB.o)
                              c:/program files (x86)/atmel/studio/7.0/toolchain/avr8/avr8-gnu-toolchain/bin/../lib/gcc/avr/5.4.0/../../../../avr/lib/avr5\libm.a(addsf3x.o) (__fp_pscB)
c:/program files (x86)/atmel/studio/7.0/toolchain/avr8/avr8-gnu-toolchain/bin/../lib/gcc/avr/5.4.0/../../../../avr/lib/avr5\libm.a(fp_round.o)
                              c:/program files (x86)/atmel/studio/7.0/toolchain/avr8/avr8-gnu-toolchain/bin/../lib/gcc/avr/5.4.0/../../../../avr/lib/avr5\libm.a(addsf3.o) (__fp_round)
c:/program files (x86)/atmel/studio/7.0/toolchain/avr8/avr8-gnu-toolchain/bin/../lib/gcc/avr/5.4.0/../../../../avr/lib/avr5\libm.a(fp_split3.o)
                              c:/program files (x86)/atmel/studio/7.0/toolchain/avr8/avr8-gnu-toolchain/bin/../lib/gcc/avr/5.4.0/../../../../avr/lib/avr5\libm.a(addsf3x.o) (__fp_split3)
c:/program files (x86)/atmel/studio/7.0/toolchain/avr8/avr8-gnu-toolchain/bin/../lib/gcc/avr/5.4.0/../../../../avr/lib/avr5\libm.a(fp_zero.o)
                              c:/program files (x86)/atmel/studio/7.0/toolchain/avr8/avr8-gnu-toolchain/bin/../lib/gcc/avr/5.4.0/../../../../avr/lib/avr5\libm.a(addsf3x.o) (__fp_zero)
c:/program files (x86)/atmel/studio/7.0/toolchain/avr8/avr8-gnu-toolchain/bin/../lib/gcc/avr/5.4.0/../../../../avr/lib/avr5\libm.a(mulsf3.o)
                              ADC.o (__mulsf3)
c:/program files (x86)/atmel/studio/7.0/toolchain/avr8/avr8-gnu-toolchain/bin/../lib/gcc/avr/5.4.0/../../../../avr/lib/avr5\libm.a(mulsf3x.o)
                              c:/program files (x86)/atmel/studio/7.0/toolchain/avr8/avr8-gnu-toolchain/bin/../lib/gcc/avr/5.4.0/../../../../avr/lib/avr5\libm.a(mulsf3.o) (__mulsf3x)
c:/program files (x86)/atmel/studio/7.0/toolchain/avr8/avr8-gnu-toolchain/bin/../lib/gcc/avr/5.4.0/avr5\libgcc.a(_mulsi3.o)
                              bme280.o (__mulsi3)
c:/program files (x86)/atmel/studio/7.0/toolchain/avr8/avr8-gnu-toolchain/bin/../lib/gcc/avr/5.4.0/avr5\libgcc.a(_divmodhi4.o)
                              mpu6050.o (__divmodhi4)
c:/program files (x86)/atmel/studio/7.0/toolchain/avr8/avr8-gnu-toolchain/bin/../lib/gcc/avr/5.4.0/avr5\libgcc.a(_udivmodsi4.o)
[...]
Memory Configuration

Name             Origin             Length             Attributes
text             0x00000000         0x00008000         xr
data             0x00800100         0x00000800         rw !x
eeprom           0x00810000         0x00000400         rw !x
fuse             0x00820000         0x00000003         rw !x
lock             0x00830000         0x00000400         rw !x
signature        0x00840000         0x00000400         rw !x
user_signatures  0x00850000         0x00000400         rw !x
*default*        0x00000000         0xffffffff

Linker script and memory map

Address of section .data set to 0x800100
LOAD C:/Program Files (x86)/Atmel/Studio/7.0/Packs/atmel/ATmega_DFP/1.6.364/gcc/dev/atmega328p/avr5/crtatmega328p.o
LOAD ADC.o
LOAD ArialNumFontPlus.o
LOAD BigFont.o
LOAD bme280.o
LOAD DotMatrix_L_Num.o
LOAD DotMatrix_M_Slash.o
LOAD DotMatrix_XL_Num.o
LOAD encoder.o
LOAD i2c.o
LOAD main.o
LOAD mpu6050.o
LOAD PWM.o
LOAD spi.o
LOAD st7735.o
LOAD TinyFont.o
LOAD uart.o
START GROUP
LOAD c:/program files (x86)/atmel/studio/7.0/toolchain/avr8/avr8-gnu-toolchain/bin/../lib/gcc/avr/5.4.0/../../../../avr/lib/avr5\libm.a
END GROUP
START GROUP
LOAD c:/program files (x86)/atmel/studio/7.0/toolchain/avr8/avr8-gnu-toolchain/bin/../lib/gcc/avr/5.4.0/avr5\libgcc.a
LOAD c:/program files (x86)/atmel/studio/7.0/toolchain/avr8/avr8-gnu-toolchain/bin/../lib/gcc/avr/5.4.0/../../../../avr/lib/avr5\libm.a
LOAD c:/program files (x86)/atmel/studio/7.0/toolchain/avr8/avr8-gnu-toolchain/bin/../lib/gcc/avr/5.4.0/../../../../avr/lib/avr5\libc.a
LOAD C:/Program Files (x86)/Atmel/Studio/7.0/Packs/atmel/ATmega_DFP/1.6.364/gcc/dev/atmega328p/avr5\libatmega328p.a
END GROUP
                0x00000000                __TEXT_REGION_ORIGIN__ = DEFINED (__TEXT_REGION_ORIGIN__)?__TEXT_REGION_ORIGIN__:0x0
                [0x00800100]                __DATA_REGION_ORIGIN__ = DEFINED (__DATA_REGION_ORIGIN__)?__DATA_REGION_ORIGIN__:0x800060
                [0x00008000]                __TEXT_REGION_LENGTH__ = DEFINED (__TEXT_REGION_LENGTH__)?__TEXT_REGION_LENGTH__:0x20000
                [0x00000800]                __DATA_REGION_LENGTH__ = DEFINED (__DATA_REGION_LENGTH__)?__DATA_REGION_LENGTH__:0xffa0
                [0x00000400]                __EEPROM_REGION_LENGTH__ = DEFINED (__EEPROM_REGION_LENGTH__)?__EEPROM_REGION_LENGTH__:0x10000
                [0x00000003]                __FUSE_REGION_LENGTH__ = DEFINED (__FUSE_REGION_LENGTH__)?__FUSE_REGION_LENGTH__:0x400
                0x00000400                __LOCK_REGION_LENGTH__ = DEFINED (__LOCK_REGION_LENGTH__)?__LOCK_REGION_LENGTH__:0x400
                0x00000400                __SIGNATURE_REGION_LENGTH__ = DEFINED (__SIGNATURE_REGION_LENGTH__)?__SIGNATURE_REGION_LENGTH__:0x400
                0x00000400                __USER_SIGNATURE_REGION_LENGTH__ = DEFINED (__USER_SIGNATURE_REGION_LENGTH__)?__USER_SIGNATURE_REGION_LENGTH__:0x400

.hash
 *(.hash)

.dynsym
 *(.dynsym)

.dynstr
 *(.dynstr)

.gnu.version
 *(.gnu.version)

.gnu.version_d
 *(.gnu.version_d)

.gnu.version_r
 *(.gnu.version_r)

.rel.init
 *(.rel.init)

.rela.init
 *(.rela.init)

.rel.text
 *(.rel.text)
 *(.rel.text.*)
 *(.rel.gnu.linkonce.t*)

.rela.text
 *(.rela.text)
 *(.rela.text.*)
 *(.rela.gnu.linkonce.t*)

.rel.fini
 *(.rel.fini)

.rela.fini
 *(.rela.fini)

.rel.rodata
 *(.rel.rodata)
 *(.rel.rodata.*)
 *(.rel.gnu.linkonce.r*)

.rela.rodata
 *(.rela.rodata)
 *(.rela.rodata.*)
 *(.rela.gnu.linkonce.r*)

.rel.data
 *(.rel.data)
 *(.rel.data.*)
 *(.rel.gnu.linkonce.d*)

.rela.data
 *(.rela.data)
 *(.rela.data.*)
 *(.rela.gnu.linkonce.d*)

.rel.ctors
 *(.rel.ctors)

.rela.ctors
 *(.rela.ctors)

.rel.dtors
 *(.rel.dtors)

.rela.dtors
 *(.rela.dtors)

.rel.got
 *(.rel.got)

.rela.got
 *(.rela.got)

.rel.bss
 *(.rel.bss)

.rela.bss
 *(.rela.bss)

.rel.plt
 *(.rel.plt)

.rela.plt
 *(.rela.plt)

.text           0x00000000     0x364a
 *(.vectors)
 .vectors       0x00000000       0x68 C:/Program Files (x86)/Atmel/Studio/7.0/Packs/atmel/ATmega_DFP/1.6.364/gcc/dev/atmega328p/avr5/crtatmega328p.o
                0x00000000                __vector_default
                0x00000000                __vectors
 *(.vectors)
 *(.progmem.gcc*)
 .progmem.gcc_sw_table.set_ADC_channel
                0x00000068       0x12 ADC.o
                0x0000007a                . = ALIGN (0x2)
                0x0000007a                __trampolines_start = .
 *(.trampolines)
 .trampolines   0x0000007a        0x0 linker stubs
 *(.trampolines*)
                0x0000007a                __trampolines_end = .
 *libprintf_flt.a:*(.progmem.data)
 *libc.a:*(.progmem.data)
 *(.progmem*)
 .progmem.data.TinyFont
                0x0000007a      0x2fc TinyFont.o
                0x0000007a                TinyFont
                0x00000376                . = ALIGN (0x2)
 *(.jumptables)
 *(.jumptables*)
 *(.lowtext)
 *(.lowtext*)
                0x00000376                __ctors_start = .
 *(.ctors)
                0x00000376                __ctors_end = .
                0x00000376                __dtors_start = .
 *(.dtors)
                0x00000376                __dtors_end = .
 SORT(*)(.ctors)
 SORT(*)(.dtors)
 *(.init0)
 .init0         0x00000376        0x0 C:/Program Files (x86)/Atmel/Studio/7.0/Packs/atmel/ATmega_DFP/1.6.364/gcc/dev/atmega328p/avr5/crtatmega328p.o
                0x00000376                __init
 *(.init0)
 *(.init1)
 *(.init1)
 *(.init2)
 .init2         0x00000376        0xc C:/Program Files (x86)/Atmel/Studio/7.0/Packs/atmel/ATmega_DFP/1.6.364/gcc/dev/atmega328p/avr5/crtatmega328p.o
 *(.init2)
 *(.init3)
 *(.init3)
 *(.init4)
 .init4         0x00000382       0x16 c:/program files (x86)/atmel/studio/7.0/toolchain/avr8/avr8-gnu-toolchain/bin/../lib/gcc/avr/5.4.0/avr5\libgcc.a(_copy_data.o)
                0x00000382                __do_copy_data
 .init4         0x00000398       0x10 c:/program files (x86)/atmel/studio/7.0/toolchain/avr8/avr8-gnu-toolchain/bin/../lib/gcc/avr/5.4.0/avr5\libgcc.a(_clear_bss.o)
                0x00000398                __do_clear_bss
 *(.init4)
 *(.init5)
 *(.init5)
 *(.init6)
 *(.init6)
 *(.init7)
 *(.init7)
 *(.init8)
 *(.init8)
 *(.init9)
 .init9         0x000003a8        0x8 C:/Program Files (x86)/Atmel/Studio/7.0/Packs/atmel/ATmega_DFP/1.6.364/gcc/dev/atmega328p/avr5/crtatmega328p.o
 *(.init9)
 *(.text)
 .text          0x000003b0        0x4 C:/Program Files (x86)/Atmel/Studio/7.0/Packs/atmel/ATmega_DFP/1.6.364/gcc/dev/atmega328p/avr5/crtatmega328p.o
                0x000003b0                __vector_22
                0x000003b0                __vector_1
                0x000003b0                __vector_24
                0x000003b0                __vector_12
                0x000003b0                __bad_interrupt
                0x000003b0                __vector_6
                0x000003b0                __vector_3
                0x000003b0                __vector_23
                0x000003b0                __vector_25
                0x000003b0                __vector_11
                0x000003b0                __vector_13
                0x000003b0                __vector_17
                0x000003b0                __vector_19
                0x000003b0                __vector_7
                0x000003b0                __vector_5
                0x000003b0                __vector_4
                0x000003b0                __vector_9
                0x000003b0                __vector_2
                0x000003b0                __vector_15
                0x000003b0                __vector_8
                0x000003b0                __vector_10
                0x000003b0                __vector_16
                0x000003b0                __vector_18
                0x000003b0                __vector_20
                0x000003b4                . = ALIGN (0x2)
 *(.text.*)
 .text.set_ADC_channel
                0x000003b4       0xde ADC.o
                0x000003b4                set_ADC_channel
 .text.ADC_init
                0x00000492       0x3e ADC.o
                0x00000492                ADC_init
 .text.ADC_average
                0x000004d0       0x34 ADC.o
                0x000004d0                ADC_average
 .text.ema_filter
                0x00000504       0x7e ADC.o
                0x00000504                ema_filter
 .text.ema_filter_array
                0x00000582       0x6e ADC.o
                0x00000582                ema_filter_array
 .text.__vector_21
                0x000005f0       0x52 ADC.o
                0x000005f0                __vector_21
 .text.bme280_send_data
                0x00000642       0x3e bme280.o
                0x00000642                bme280_send_data
 .text.bme280_readbyte
                0x00000680       0x38 bme280.o
                0x00000680                bme280_readbyte
 .text.bme280_readdata
                0x000006b8       0x90 bme280.o
                0x000006b8                bme280_readdata
 .text.bme280_reset
                0x00000748       0x2a bme280.o
                0x00000748                bme280_reset
 .text.read_raw_data_bme280
                0x00000772       0x10 bme280.o
                0x00000772                read_raw_data_bme280
 .text.get_compens
                0x00000782      0x130 bme280.o
                0x00000782                get_compens
 .text.bme280_init
                0x000008b2       0x94 bme280.o
                0x000008b2                bme280_init
 .text.parse_temp_bme280
                0x00000946      0x192 bme280.o
                0x00000946                parse_temp_bme280
 .text.parse_press_bme280
                0x00000ad8      0x5bc bme280.o
                0x00000ad8                parse_press_bme280
 .text.parse_hum_bme280
                0x00001094      0x3a2 bme280.o
                0x00001094                parse_hum_bme280
 .text.update_bme280
                0x00001436      0x15e bme280.o
                0x00001436                update_bme280
 .text.enc_ports_init
                0x00001594       0x32 encoder.o
                0x00001594                enc_ports_init
 .text.timer0_init
                0x000015c6       0x28 encoder.o
                0x000015c6                timer0_init
 .text.__vector_14
                0x000015ee      0x198 encoder.o
                0x000015ee                __vector_14
 .text.i2c_init
                0x00001786        0x8 i2c.o
                0x00001786                i2c_init
 .text.start_cond
                0x0000178e       0x34 i2c.o
                0x0000178e                start_cond
 .text.i2c_sendbyte
                0x000017c2       0x42 i2c.o
                0x000017c2                i2c_sendbyte
 .text.stop_cond
                0x00001804        0xc i2c.o
                0x00001804                stop_cond
 .text.i2c_readbyte
                0x00001810       0x2a i2c.o
                0x00001810                i2c_readbyte
 .text.main     0x0000183a      0x344 main.o
                0x0000183a                main
 .text.mpu6050_readbyte
                0x00001b7e       0x38 mpu6050.o
                0x00001b7e                mpu6050_readbyte
 .text.mpu6050_sendbyte
                0x00001bb6       0x30 mpu6050.o
                0x00001bb6                mpu6050_sendbyte
 .text.mpu6050_init
                0x00001be6       0x20 mpu6050.o
                0x00001be6                mpu6050_init
 .text.whoami   0x00001c06        0xa mpu6050.o
                0x00001c06                whoami
 .text.twos_complement_convert
                0x00001c10        0x2 mpu6050.o
                0x00001c10                twos_complement_convert
 .text.mpu6050_readdata
                0x00001c12       0xb6 mpu6050.o
                0x00001c12                mpu6050_readdata
 .text.read_raw_data_mpu6050
                0x00001cc8       0x10 mpu6050.o
                0x00001cc8                read_raw_data_mpu6050
 .text.convert_accel
                0x00001cd8       0x84 mpu6050.o
                0x00001cd8                convert_accel
 .text.convert_gyro
                0x00001d5c       0x96 mpu6050.o
                0x00001d5c                convert_gyro
 .text.mpu6050_ready_data
                0x00001df2       0xe6 mpu6050.o
                0x00001df2                mpu6050_ready_data
 .text.mpu6050_temp
                0x00001ed8       0x2a mpu6050.o
                0x00001ed8                mpu6050_temp
 .text.print_mpu6050_data
                0x00001f02      0x13e mpu6050.o
                0x00001f02                print_mpu6050_data
 .text.tim1A_init
                0x00002040       0x32 PWM.o
                0x00002040                tim1A_init
 .text.pwm1A_start
                0x00002072       0x44 PWM.o
                0x00002072                pwm1A_start
 .text.pwm1A_stop
                0x000020b6       0x1c PWM.o
                0x000020b6                pwm1A_stop
 .text.spi_master_init
                0x000020d2       0x1a spi.o
                0x000020d2                spi_master_init
 .text.spi_sendbyte
                0x000020ec        0xa spi.o
                0x000020ec                spi_sendbyte
 .text.st7735_ports_init
                0x000020f6       0x1a st7735.o
                0x000020f6                st7735_ports_init
 .text.send_command
                0x00002110        0xc st7735.o
                0x00002110                send_command
 .text.send_data
                0x0000211c        0xc st7735.o
                0x0000211c                send_data
 .text.st7735_multiply_send
                0x00002128       0x5e st7735.o
                0x00002128                st7735_multiply_send
 .text.st7735_init
                0x00002186      0x12c st7735.o
                0x00002186                st7735_init
 .text.setXY    0x000022b2       0x86 st7735.o
                0x000022b2                setXY
 .text.draw_rect
                0x00002338       0x8a st7735.o
                0x00002338                draw_rect
 .text.background
                0x000023c2       0x20 st7735.o
                0x000023c2                background
 .text.draw_char
                0x000023e2      0x180 st7735.o
                0x000023e2                draw_char
 .text.draw_string
                0x00002562       0x7e st7735.o
                0x00002562                draw_string
 .text.draw_number
                0x000025e0       0xc2 st7735.o
                0x000025e0                draw_number
 .text.draw_hexnumber
                0x000026a2       0xb4 st7735.o
                0x000026a2                draw_hexnumber
 .text.draw_float_number
                0x00002756       0xb2 st7735.o
                0x00002756                draw_float_number
 .text.uart_init
                0x00002808       0x18 uart.o
                0x00002808                uart_init
 .text.uart_out
                0x00002820        0xe uart.o
                0x00002820                uart_out
 .text.print_string
                0x0000282e       0x1a uart.o
                0x0000282e                print_string
 .text.print_number
                0x00002848       0x5c uart.o
                0x00002848                print_number
 .text.avr-libc.fplib
                0x000028a4        0xe c:/program files (x86)/atmel/studio/7.0/toolchain/avr8/avr8-gnu-toolchain/bin/../lib/gcc/avr/5.4.0/../../../../avr/lib/avr5\libm.a(addsf3.o)
                0x000028a4                __subsf3
                0x000028a6                __addsf3
 .text.avr-libc.fplib
                0x000028b2       0xcc c:/program files (x86)/atmel/studio/7.0/toolchain/avr8/avr8-gnu-toolchain/bin/../lib/gcc/avr/5.4.0/../../../../avr/lib/avr5\libm.a(addsf3x.o)
                0x000028d4                __addsf3x
 .text.avr-libc.fplib
                0x0000297e        0x8 c:/program files (x86)/atmel/studio/7.0/toolchain/avr8/avr8-gnu-toolchain/bin/../lib/gcc/avr/5.4.0/../../../../avr/lib/avr5\libm.a(divsf3.o)
                0x0000297e                __divsf3
 .text.avr-libc.fplib
                0x00002986       0xdc c:/program files (x86)/atmel/studio/7.0/toolchain/avr8/avr8-gnu-toolchain/bin/../lib/gcc/avr/5.4.0/../../../../avr/lib/avr5\libm.a(divsf3x.o)
                0x000029a6                __divsf3x
                0x000029ac                __divsf3_pse
 .text.avr-libc.fplib
                0x00002a62        0xe c:/program files (x86)/atmel/studio/7.0/toolchain/avr8/avr8-gnu-toolchain/bin/../lib/gcc/avr/5.4.0/../../../../avr/lib/avr5\libm.a(fixsfsi.o)
                0x00002a62                __fixsfsi
 .text.avr-libc.fplib
                0x00002a70       0x5e c:/program files (x86)/atmel/studio/7.0/toolchain/avr8/avr8-gnu-toolchain/bin/../lib/gcc/avr/5.4.0/../../../../avr/lib/avr5\libm.a(fixunssfsi.o)
                0x00002a70                __fixunssfsi
 .text.avr-libc.fplib
                0x00002ace       0x7a c:/program files (x86)/atmel/studio/7.0/toolchain/avr8/avr8-gnu-toolchain/bin/../lib/gcc/avr/5.4.0/../../../../avr/lib/avr5\libm.a(floatsisf.o)
                0x00002ace                __floatunsisf
                0x00002ad2                __floatsisf
 .text.avr-libc.fplib
                0x00002b48        0xc c:/program files (x86)/atmel/studio/7.0/toolchain/avr8/avr8-gnu-toolchain/bin/../lib/gcc/avr/5.4.0/../../../../avr/lib/avr5\libm.a(fp_inf.o)
                0x00002b48                __fp_inf
 .text.avr-libc.fplib
                0x00002b54        0x6 c:/program files (x86)/atmel/studio/7.0/toolchain/avr8/avr8-gnu-toolchain/bin/../lib/gcc/avr/5.4.0/../../../../avr/lib/avr5\libm.a(fp_nan.o)
                0x00002b54                __fp_nan
 .text.avr-libc.fplib
                0x00002b5a        0xe c:/program files (x86)/atmel/studio/7.0/toolchain/avr8/avr8-gnu-toolchain/bin/../lib/gcc/avr/5.4.0/../../../../avr/lib/avr5\libm.a(fp_pscA.o)
                0x00002b5a                __fp_pscA
 .text.avr-libc.fplib
                0x00002b68        0xe c:/program files (x86)/atmel/studio/7.0/toolchain/avr8/avr8-gnu-toolchain/bin/../lib/gcc/avr/5.4.0/../../../../avr/lib/avr5\libm.a(fp_pscB.o)
                0x00002b68                __fp_pscB
 .text.avr-libc.fplib
                0x00002b76       0x22 c:/program files (x86)/atmel/studio/7.0/toolchain/avr8/avr8-gnu-toolchain/bin/../lib/gcc/avr/5.4.0/../../../../avr/lib/avr5\libm.a(fp_round.o)
                0x00002b76                __fp_round
 .text.avr-libc.fplib
                0x00002b98       0x44 c:/program files (x86)/atmel/studio/7.0/toolchain/avr8/avr8-gnu-toolchain/bin/../lib/gcc/avr/5.4.0/../../../../avr/lib/avr5\libm.a(fp_split3.o)
                0x00002b98                __fp_split3
                0x00002ba8                __fp_splitA
 .text.avr-libc.fplib
                0x00002bdc        0xe c:/program files (x86)/atmel/studio/7.0/toolchain/avr8/avr8-gnu-toolchain/bin/../lib/gcc/avr/5.4.0/../../../../avr/lib/avr5\libm.a(fp_zero.o)
                0x00002bdc                __fp_zero
                0x00002bde                __fp_szero
 .text.avr-libc.fplib
                0x00002bea        0x8 c:/program files (x86)/atmel/studio/7.0/toolchain/avr8/avr8-gnu-toolchain/bin/../lib/gcc/avr/5.4.0/../../../../avr/lib/avr5\libm.a(mulsf3.o)
                0x00002bea                __mulsf3
 .text.avr-libc.fplib
                0x00002bf2       0xd2 c:/program files (x86)/atmel/studio/7.0/toolchain/avr8/avr8-gnu-toolchain/bin/../lib/gcc/avr/5.4.0/../../../../avr/lib/avr5\libm.a(mulsf3x.o)
                0x00002c10                __mulsf3x
                0x00002c16                __mulsf3_pse
 .text.libgcc.mul
                0x00002cc4       0x20 c:/program files (x86)/atmel/studio/7.0/toolchain/avr8/avr8-gnu-toolchain/bin/../lib/gcc/avr/5.4.0/avr5\libgcc.a(_mulsi3.o)
                0x00002cc4                __mulsi3
 .text.libgcc.div
                0x00002ce4       0x28 c:/program files (x86)/atmel/studio/7.0/toolchain/avr8/avr8-gnu-toolchain/bin/../lib/gcc/avr/5.4.0/avr5\libgcc.a(_divmodhi4.o)
                0x00002ce4                _div
                0x00002ce4                __divmodhi4
 .text.libgcc.div
                0x00002d0c       0x44 c:/program files (x86)/atmel/studio/7.0/toolchain/avr8/avr8-gnu-toolchain/bin/../lib/gcc/avr/5.4.0/avr5\libgcc.a(_udivmodsi4.o)
                0x00002d0c                __udivmodsi4
 .text.libgcc   0x00002d50        0xc c:/program files (x86)/atmel/studio/7.0/toolchain/avr8/avr8-gnu-toolchain/bin/../lib/gcc/avr/5.4.0/avr5\libgcc.a(_tablejump2.o)
                0x00002d50                __tablejump2__
 .text.libgcc.mul
                0x00002d5c       0x1e c:/program files (x86)/atmel/studio/7.0/toolchain/avr8/avr8-gnu-toolchain/bin/../lib/gcc/avr/5.4.0/avr5\libgcc.a(_umulhisi3.o)
                0x00002d5c                __umulhisi3
 .text.libgcc.mul
                0x00002d7a       0x16 c:/program files (x86)/atmel/studio/7.0/toolchain/avr8/avr8-gnu-toolchain/bin/../lib/gcc/avr/5.4.0/avr5\libgcc.a(_muluhisi3.o)
                0x00002d7a                __muluhisi3
 .text.libgcc.mul
                0x00002d90       0x10 c:/program files (x86)/atmel/studio/7.0/toolchain/avr8/avr8-gnu-toolchain/bin/../lib/gcc/avr/5.4.0/avr5\libgcc.a(_mulshisi3.o)
                0x00002d90                __mulshisi3
                0x00002d96                __mulohisi3
 .text.libgcc.mul
                0x00002da0       0xa0 c:/program files (x86)/atmel/studio/7.0/toolchain/avr8/avr8-gnu-toolchain/bin/../lib/gcc/avr/5.4.0/avr5\libgcc.a(_muldi3.o)
                0x00002da0                __muldi3
 .text.libgcc.mul
                0x00002e40       0x12 c:/program files (x86)/atmel/studio/7.0/toolchain/avr8/avr8-gnu-toolchain/bin/../lib/gcc/avr/5.4.0/avr5\libgcc.a(_muldi3_6.o)
                0x00002e40                __muldi3_6
 .text.libgcc.div
                0x00002e52       0x62 c:/program files (x86)/atmel/studio/7.0/toolchain/avr8/avr8-gnu-toolchain/bin/../lib/gcc/avr/5.4.0/avr5\libgcc.a(_divdi3.o)
                0x00002e52                __moddi3
                0x00002e56                __divdi3
                0x00002e58                __divdi3_moddi3
 .text.libgcc.div
                0x00002eb4       0x1c c:/program files (x86)/atmel/studio/7.0/toolchain/avr8/avr8-gnu-toolchain/bin/../lib/gcc/avr/5.4.0/avr5\libgcc.a(_udivdi3.o)
                0x00002eb4                __umoddi3
                0x00002eb8                __udivdi3
                0x00002eba                __udivdi3_umoddi3
 .text.libgcc.div
                0x00002ed0       0xa2 c:/program files (x86)/atmel/studio/7.0/toolchain/avr8/avr8-gnu-toolchain/bin/../lib/gcc/avr/5.4.0/avr5\libgcc.a(_udivmod64.o)
                0x00002ed0                __udivmod64
 .text.libgcc   0x00002f72       0x20 c:/program files (x86)/atmel/studio/7.0/toolchain/avr8/avr8-gnu-toolchain/bin/../lib/gcc/avr/5.4.0/avr5\libgcc.a(_negdi2.o)
                0x00002f72                __negdi2
 .text.libgcc.prologue
                0x00002f92       0x38 c:/program files (x86)/atmel/studio/7.0/toolchain/avr8/avr8-gnu-toolchain/bin/../lib/gcc/avr/5.4.0/avr5\libgcc.a(_prologue.o)
                0x00002f92                __prologue_saves__
 .text.libgcc.prologue
                0x00002fca       0x36 c:/program files (x86)/atmel/studio/7.0/toolchain/avr8/avr8-gnu-toolchain/bin/../lib/gcc/avr/5.4.0/avr5\libgcc.a(_epilogue.o)
                0x00002fca                __epilogue_restores__
 .text.libgcc.builtins
                0x00003000       0x32 c:/program files (x86)/atmel/studio/7.0/toolchain/avr8/avr8-gnu-toolchain/bin/../lib/gcc/avr/5.4.0/avr5\libgcc.a(_ashldi3.o)
                0x00003000                __ashldi3
 .text.libgcc.builtins
                0x00003032       0x3c c:/program files (x86)/atmel/studio/7.0/toolchain/avr8/avr8-gnu-toolchain/bin/../lib/gcc/avr/5.4.0/avr5\libgcc.a(_ashrdi3.o)
                0x00003032                __ashrdi3
                0x00003036                __lshrdi3
 .text.libgcc   0x0000306e       0x12 c:/program files (x86)/atmel/studio/7.0/toolchain/avr8/avr8-gnu-toolchain/bin/../lib/gcc/avr/5.4.0/avr5\libgcc.a(_adddi3.o)
                0x0000306e                __adddi3
 .text.libgcc   0x00003080       0x12 c:/program files (x86)/atmel/studio/7.0/toolchain/avr8/avr8-gnu-toolchain/bin/../lib/gcc/avr/5.4.0/avr5\libgcc.a(_subdi3.o)
                0x00003080                __subdi3
 .text.libgcc   0x00003092       0x18 c:/program files (x86)/atmel/studio/7.0/toolchain/avr8/avr8-gnu-toolchain/bin/../lib/gcc/avr/5.4.0/avr5\libgcc.a(_cmpdi2_s8.o)
                0x00003092                __cmpdi2_s8
 .text.libgcc.div
                0x000030aa       0x28 c:/program files (x86)/atmel/studio/7.0/toolchain/avr8/avr8-gnu-toolchain/bin/../lib/gcc/avr/5.4.0/avr5\libgcc.a(_udivmodhi4.o)
                0x000030aa                __udivmodhi4
 .text.avr-libc
                0x000030d2        0xe c:/program files (x86)/atmel/studio/7.0/toolchain/avr8/avr8-gnu-toolchain/bin/../lib/gcc/avr/5.4.0/../../../../avr/lib/avr5\libc.a(memset.o)
                0x000030d2                memset
 .text.avr-libc
                0x000030e0       0x44 c:/program files (x86)/atmel/studio/7.0/toolchain/avr8/avr8-gnu-toolchain/bin/../lib/gcc/avr/5.4.0/../../../../avr/lib/avr5\libc.a(sprintf.o)
                0x000030e0                sprintf
 .text.avr-libc
                0x00003124      0x3c2 c:/program files (x86)/atmel/studio/7.0/toolchain/avr8/avr8-gnu-toolchain/bin/../lib/gcc/avr/5.4.0/../../../../avr/lib/avr5\libc.a(vfprintf_std.o)
                0x00003124                vfprintf
 .text.avr-libc
                0x000034e6       0x16 c:/program files (x86)/atmel/studio/7.0/toolchain/avr8/avr8-gnu-toolchain/bin/../lib/gcc/avr/5.4.0/../../../../avr/lib/avr5\libc.a(strnlen_P.o)
                0x000034e6                strnlen_P
 .text.avr-libc
                0x000034fc       0x16 c:/program files (x86)/atmel/studio/7.0/toolchain/avr8/avr8-gnu-toolchain/bin/../lib/gcc/avr/5.4.0/../../../../avr/lib/avr5\libc.a(strnlen.o)
                0x000034fc                strnlen
 .text.avr-libc
                0x00003512       0x78 c:/program files (x86)/atmel/studio/7.0/toolchain/avr8/avr8-gnu-toolchain/bin/../lib/gcc/avr/5.4.0/../../../../avr/lib/avr5\libc.a(fputc.o)
                0x00003512                fputc
 .text.avr-libc
                0x0000358a       0xbc c:/program files (x86)/atmel/studio/7.0/toolchain/avr8/avr8-gnu-toolchain/bin/../lib/gcc/avr/5.4.0/../../../../avr/lib/avr5\libc.a(ultoa_invert.o)
                0x0000358a                __ultoa_invert
                0x00003646                . = ALIGN (0x2)
 *(.fini9)
 .fini9         0x00003646        0x0 c:/program files (x86)/atmel/studio/7.0/toolchain/avr8/avr8-gnu-toolchain/bin/../lib/gcc/avr/5.4.0/avr5\libgcc.a(_exit.o)
                0x00003646                _exit
                0x00003646                exit
 *(.fini9)
 *(.fini8)
 *(.fini8)
 *(.fini7)
 *(.fini7)
 *(.fini6)
 *(.fini6)
 *(.fini5)
 *(.fini5)
 *(.fini4)
 *(.fini4)
 *(.fini3)
 *(.fini3)
 *(.fini2)
 *(.fini2)
 *(.fini1)
 *(.fini1)
 *(.fini0)
 .fini0         0x00003646        0x4 c:/program files (x86)/atmel/studio/7.0/toolchain/avr8/avr8-gnu-toolchain/bin/../lib/gcc/avr/5.4.0/avr5\libgcc.a(_exit.o)
 *(.fini0)
                0x0000364a                _etext = .

.data           0x00800100      0x22a load address 0x0000364a
                0x00800100                PROVIDE (__data_start, .)
 *(.data)
 *(.data*)
 .data.oldState
                0x00800100        0x1 encoder.o
                0x00800100                oldState
 .data.newState
                0x00800101        0x1 encoder.o
                0x00800101                newState
 .data.pwm_value
                0x00800102        0x1 main.o
                0x00800102                pwm_value
 *(.gnu.linkonce.d*)
 *(.rodata)
 *(.rodata*)
 .rodata.str1.1
                0x00800103      0x122 bme280.o
 .rodata.str1.1
                0x00800225       0x57 main.o
                                 0x65 (size before relaxing)
 .rodata.str1.1
                0x0080027c       0x72 mpu6050.o
 .rodata.str1.1
                0x008002ee       0x10 st7735.o
 .rodata.gmctrn1_data
                0x008002fe       0x10 st7735.o
                0x008002fe                gmctrn1_data
 .rodata.gmctrp1_data
                0x0080030e       0x10 st7735.o
                0x0080030e                gmctrp1_data
 .rodata.pwctr1_data
                0x0080031e        0x3 st7735.o
                0x0080031e                pwctr1_data
 .rodata.frame_ctrl_data
                0x00800321        0x3 st7735.o
                0x00800321                frame_ctrl_data
 .rodata.str1.1
                0x00800324        0x5 uart.o
                                  0xb (size before relaxing)
 *(.gnu.linkonce.r*)
                0x0080032a                . = ALIGN (0x2)
 *fill*         0x00800329        0x1 
                0x0080032a                _edata = .
                0x0080032a                PROVIDE (__data_end, .)

.bss            0x0080032a      0x27e
                0x0080032a                PROVIDE (__bss_start, .)
 *(.bss)
 *(.bss*)
 .bss.adc_dt    0x0080032a        0x1 ADC.o
                0x0080032a                adc_dt
 .bss.ADC_data  0x0080032b      0x200 ADC.o
                0x0080032b                ADC_data
 .bss.comp_data.2676
                0x0080052b       0x20 bme280.o
 .bss.comp_bme280
                0x0080054b       0x25 bme280.o
                0x0080054b                comp_bme280
 .bss.count_but.1656
                0x00800570        0x1 encoder.o
 .bss.count_enc_but.1655
                0x00800571        0x1 encoder.o
 .bss.update_bme280_flag
                0x00800572        0x1 encoder.o
                0x00800572                update_bme280_flag
 .bss.adc_conv  0x00800573        0x1 encoder.o
                0x00800573                adc_conv
 .bss.adc_conv_flag
                0x00800574        0x1 encoder.o
                0x00800574                adc_conv_flag
 .bss.encoder_state
                0x00800575        0x1 encoder.o
                0x00800575                encoder_state
 .bss.downState
                0x00800576        0x1 encoder.o
                0x00800576                downState
 .bss.upState   0x00800577        0x1 encoder.o
                0x00800577                upState
 .bss.longpress_but
                0x00800578        0x1 encoder.o
                0x00800578                longpress_but
 .bss.longpress_enc_but
                0x00800579        0x1 encoder.o
                0x00800579                longpress_enc_but
 .bss.shortpress_but
                0x0080057a        0x1 encoder.o
                0x0080057a                shortpress_but
 .bss.shortpress_enc_but
                0x0080057b        0x1 encoder.o
                0x0080057b                shortpress_enc_but
 .bss.prev_enc  0x0080057c        0x1 main.o
                0x0080057c                prev_enc
 .bss.enc       0x0080057d        0x1 main.o
                0x0080057d                enc
 .bss.raw_data.2042
                0x0080057e        0xe mpu6050.o
 *(COMMON)
 COMMON         0x0080058c       0x1c mpu6050.o
                0x0080058c                mpu6050_ready_dt
                0x0080059a                mpu6050_dt
                0x008005a8                PROVIDE (__bss_end, .)
                0x0000364a                __data_load_start = LOADADDR (.data)
                0x00003874                __data_load_end = (__data_load_start + SIZEOF (.data))

.noinit         0x008005a8        0x0
                [!provide]                PROVIDE (__noinit_start, .)
 *(.noinit*)
                [!provide]                PROVIDE (__noinit_end, .)
                0x008005a8                _end = .
                0x008005a8                PROVIDE (__heap_start, .)

.eeprom         0x00810000        0x0
 *(.eeprom*)
                0x00810000                __eeprom_end = .

.fuse
 *(.fuse)
 *(.lfuse)
 *(.hfuse)
 *(.efuse)

.lock
 *(.lock*)

.signature
 *(.signature*)

.user_signatures
 *(.user_signatures*)

.stab
 *(.stab)

.stabstr
 *(.stabstr)

.stab.excl
 *(.stab.excl)

.stab.exclstr
 *(.stab.exclstr)

.stab.index
 *(.stab.index)

.stab.indexstr
 *(.stab.indexstr)

.comment        0x00000000       0x5c
 *(.comment)
 .comment       0x00000000       0x30 ADC.o
                                 0x31 (size before relaxing)
 .comment       0x00000030       0x31 bme280.o
 .comment       0x00000030       0x31 encoder.o
 .comment       0x00000030       0x31 i2c.o
 .comment       0x00000030       0x31 main.o
 .comment       0x00000030       0x31 mpu6050.o
 .comment       0x00000030       0x31 PWM.o
 .comment       0x00000030       0x31 spi.o
 .comment       0x00000030       0x31 st7735.o
 .comment       0x00000030       0x31 TinyFont.o
 .comment       0x00000030       0x31 uart.o
 .comment       0x00000030       0x31 c:/program files (x86)/atmel/studio/7.0/toolchain/avr8/avr8-gnu-toolchain/bin/../lib/gcc/avr/5.4.0/../../../../avr/lib/avr5\libc.a(sprintf.o)
 .comment       0x00000030       0x2c c:/program files (x86)/atmel/studio/7.0/toolchain/avr8/avr8-gnu-toolchain/bin/../lib/gcc/avr/5.4.0/../../../../avr/lib/avr5\libc.a(vfprintf_std.o)
                                 0x2d (size before relaxing)
 .comment       0x0000005c       0x31 c:/program files (x86)/atmel/studio/7.0/toolchain/avr8/avr8-gnu-toolchain/bin/../lib/gcc/avr/5.4.0/../../../../avr/lib/avr5\libc.a(fputc.o)

.note.gnu.avr.deviceinfo
                0x00000000       0x40
 .note.gnu.avr.deviceinfo
                0x00000000       0x40 C:/Program Files (x86)/Atmel/Studio/7.0/Packs/atmel/ATmega_DFP/1.6.364/gcc/dev/atmega328p/avr5/crtatmega328p.o

.note.gnu.build-id
 *(.note.gnu.build-id)

.debug
 *(.debug)

.line
 *(.line)

.debug_srcinfo
 *(.debug_srcinfo)

.debug_sfnames
 *(.debug_sfnames)

.debug_aranges  0x00000000      0x398
 *(.debug_aranges)
 .debug_aranges
                0x00000000       0x50 ADC.o
 .debug_aranges
                0x00000050       0xc0 bme280.o
 .debug_aranges
                0x00000110       0x30 encoder.o
 .debug_aranges
                0x00000140       0x48 i2c.o
 .debug_aranges
                0x00000188       0x20 main.o
 .debug_aranges
                0x000001a8       0x78 mpu6050.o
 .debug_aranges
                0x00000220       0x38 PWM.o
 .debug_aranges
                0x00000258       0x30 spi.o
 .debug_aranges
                0x00000288       0xb0 st7735.o
 .debug_aranges
                0x00000338       0x18 TinyFont.o
 .debug_aranges
                0x00000350       0x48 uart.o

.debug_pubnames
 *(.debug_pubnames)

.debug_info     0x00000000     0x4daa
 *(.debug_info .gnu.linkonce.wi.*)
 .debug_info    0x00000000      0x5f4 C:/Program Files (x86)/Atmel/Studio/7.0/Packs/atmel/ATmega_DFP/1.6.364/gcc/dev/atmega328p/avr5/crtatmega328p.o
 .debug_info    0x000005f4      0x2c0 ADC.o
 .debug_info    0x000008b4     0x1272 bme280.o
 .debug_info    0x00001b26      0x1e8 encoder.o
 .debug_info    0x00001d0e      0x24e i2c.o
 .debug_info    0x00001f5c      0xa17 main.o
 .debug_info    0x00002973      0x837 mpu6050.o
 .debug_info    0x000031aa      0x135 PWM.o
 .debug_info    0x000032df       0xd5 spi.o
 .debug_info    0x000033b4     0x1780 st7735.o
 .debug_info    0x00004b34       0x95 TinyFont.o
 .debug_info    0x00004bc9      0x1e1 uart.o

.debug_abbrev   0x00000000     0x13c8
 *(.debug_abbrev)
 .debug_abbrev  0x00000000      0x5a2 C:/Program Files (x86)/Atmel/Studio/7.0/Packs/atmel/ATmega_DFP/1.6.364/gcc/dev/atmega328p/avr5/crtatmega328p.o
 .debug_abbrev  0x000005a2      0x144 ADC.o
 .debug_abbrev  0x000006e6      0x2e0 bme280.o
 .debug_abbrev  0x000009c6       0xa8 encoder.o
 .debug_abbrev  0x00000a6e      0x126 i2c.o
 .debug_abbrev  0x00000b94      0x145 main.o
 .debug_abbrev  0x00000cd9      0x1e4 mpu6050.o
 .debug_abbrev  0x00000ebd       0xb4 PWM.o
 .debug_abbrev  0x00000f71       0xab spi.o
 .debug_abbrev  0x0000101c      0x234 st7735.o
 .debug_abbrev  0x00001250       0x5d TinyFont.o
 .debug_abbrev  0x000012ad      0x11b uart.o

.debug_line     0x00000000     0x20ea
 *(.debug_line .debug_line.* .debug_line_end)
 .debug_line    0x00000000      0x134 C:/Program Files (x86)/Atmel/Studio/7.0/Packs/atmel/ATmega_DFP/1.6.364/gcc/dev/atmega328p/avr5/crtatmega328p.o
 .debug_line    0x00000134      0x272 ADC.o
 .debug_line    0x000003a6      0x75a bme280.o
 .debug_line    0x00000b00      0x278 encoder.o
 .debug_line    0x00000d78      0x1f0 i2c.o
 .debug_line    0x00000f68      0x27d main.o
 .debug_line    0x000011e5      0x3b1 mpu6050.o
 .debug_line    0x00001596      0x122 PWM.o
 .debug_line    0x000016b8      0x102 spi.o
 .debug_line    0x000017ba      0x71d st7735.o
 .debug_line    0x00001ed7       0x8f TinyFont.o
 .debug_line    0x00001f66      0x184 uart.o

.debug_frame    0x00000000      0xe8c
 *(.debug_frame)
 .debug_frame   0x00000000      0x11c ADC.o
 .debug_frame   0x0000011c      0x424 bme280.o
 .debug_frame   0x00000540       0x58 encoder.o
 .debug_frame   0x00000598       0x90 i2c.o
 .debug_frame   0x00000628       0x24 main.o
 .debug_frame   0x0000064c      0x144 mpu6050.o
 .debug_frame   0x00000790       0xa0 PWM.o
 .debug_frame   0x00000830       0x44 spi.o
 .debug_frame   0x00000874      0x560 st7735.o
 .debug_frame   0x00000dd4       0xb8 uart.o

.debug_str      0x00000000      0xe2c
 *(.debug_str)
 .debug_str     0x00000000      0x208 C:/Program Files (x86)/Atmel/Studio/7.0/Packs/atmel/ATmega_DFP/1.6.364/gcc/dev/atmega328p/avr5/crtatmega328p.o
 .debug_str     0x00000208      0x1f7 ADC.o
                                0x245 (size before relaxing)
 .debug_str     0x000003ff      0x3a2 bme280.o
                                0x5a1 (size before relaxing)
 .debug_str     0x000007a1       0xf3 encoder.o
                                0x278 (size before relaxing)
 .debug_str     0x00000894       0x54 i2c.o
                                0x21c (size before relaxing)
 .debug_str     0x000008e8      0x235 main.o
                                0x4bc (size before relaxing)
 .debug_str     0x00000b1d       0xa2 mpu6050.o
                                0x36e (size before relaxing)
 .debug_str     0x00000bbf       0x2e PWM.o
                                0x1c6 (size before relaxing)
 .debug_str     0x00000bed       0x25 spi.o
                                0x1a7 (size before relaxing)
 .debug_str     0x00000c12      0x1e7 st7735.o
                                0x436 (size before relaxing)
 .debug_str     0x00000df9       0x10 TinyFont.o
                                0x18f (size before relaxing)
 .debug_str     0x00000e09       0x23 uart.o
                                0x1f6 (size before relaxing)

.debug_loc      0x00000000     0x486a
 *(.debug_loc)
 .debug_loc     0x00000000      0x4fd ADC.o
 .debug_loc     0x000004fd     0x137e bme280.o
 .debug_loc     0x0000187b       0x49 encoder.o
 .debug_loc     0x000018c4      0x1ad i2c.o
 .debug_loc     0x00001a71       0x56 main.o
 .debug_loc     0x00001ac7      0x76c mpu6050.o
 .debug_loc     0x00002233      0x1bb PWM.o
 .debug_loc     0x000023ee     0x2315 st7735.o
 .debug_loc     0x00004703      0x167 uart.o

.debug_macinfo
 *(.debug_macinfo)

.debug_weaknames
 *(.debug_weaknames)

.debug_funcnames
 *(.debug_funcnames)

.debug_typenames
 *(.debug_typenames)

.debug_varnames
 *(.debug_varnames)

.debug_pubtypes
 *(.debug_pubtypes)

.debug_ranges   0x00000000      0x358
 *(.debug_ranges)
 .debug_ranges  0x00000000       0x58 ADC.o
 .debug_ranges  0x00000058       0xb0 bme280.o
 .debug_ranges  0x00000108       0x20 encoder.o
 .debug_ranges  0x00000128       0x50 i2c.o
 .debug_ranges  0x00000178       0x10 main.o
 .debug_ranges  0x00000188       0x80 mpu6050.o
 .debug_ranges  0x00000208       0x28 PWM.o
 .debug_ranges  0x00000230       0x20 spi.o
 .debug_ranges  0x00000250       0xd0 st7735.o
 .debug_ranges  0x00000320       0x38 uart.o

.debug_macro
 *(.debug_macro)
OUTPUT(avr_test.elf elf32-avr)
LOAD linker stubs
